// Jest Snapshot v1, https://goo.gl/fbAQLP

exports[`Budget matches snapshot 1`] = `
<DocumentFragment>
  <div
    class="css-187fsld"
    data-testid="budget"
  >
    <div
      class="css-1sy3bfc"
      value="50"
    />
    <div
      class="css-e8ahv6"
    >
      <div
        class="css-10f0gi5"
      >
        <div
          class="css-1c4be9w"
        >
          TEST
        </div>
      </div>
      <div
        class="css-wrkjc"
      >
        £50.00
      </div>
    </div>
  </div>
</DocumentFragment>
`;
